<?xml version="1.0" encoding="utf-8"?><testsuites name="pytest tests"><testsuite name="pytest" errors="0" failures="0" skipped="0" tests="18" time="0.299" timestamp="2025-07-26T15:37:13.104668-04:00" hostname="Mac"><testcase classname="tests.test_cli" name="test_init_non_git_repo_creates_scaffold" file="tests/test_cli.py" line="9" time="0.020" /><testcase classname="tests.test_cli" name="test_git_root_function" file="tests/test_cli.py" line="35" time="0.014" /><testcase classname="tests.test_cli" name="test_copy_tree_new_directory" file="tests/test_cli.py" line="56" time="0.003" /><testcase classname="tests.test_cli" name="test_copy_tree_merge_existing" file="tests/test_cli.py" line="74" time="0.002" /><testcase classname="tests.test_cli" name="test_copy_tree_skip_overwrite" file="tests/test_cli.py" line="99" time="0.001" /><testcase classname="tests.test_cli" name="test_version_command" file="tests/test_cli.py" line="121" time="0.001" /><testcase classname="tests.test_cli" name="test_init_with_claude_code_flag" file="tests/test_cli.py" line="128" time="0.017" /><testcase classname="tests.test_cli" name="test_init_inside_git_repo" file="tests/test_cli.py" line="147" time="0.027" /><testcase classname="tests.test_cli" name="test_init_abort_when_not_confirmed" file="tests/test_cli.py" line="169" time="0.002" /><testcase classname="tests.test_cli" name="test_init_gitignore_handling" file="tests/test_cli.py" line="180" time="0.002" /><testcase classname="tests.test_cli" name="test_maybe_write_helper_create_new_file" file="tests/test_cli.py" line="222" time="0.001" /><testcase classname="tests.test_cli" name="test_maybe_write_helper_append_existing_file" file="tests/test_cli.py" line="257" time="0.001" /><testcase classname="tests.test_cli" name="test_maybe_write_helper_skip_existing_file" file="tests/test_cli.py" line="300" time="0.001" /><testcase classname="tests.test_cli" name="test_maybe_write_helper_disabled" file="tests/test_cli.py" line="317" time="0.001" /><testcase classname="tests.test_cli" name="test_confirm_function" file="tests/test_cli.py" line="327" time="0.000" /><testcase classname="tests.test_config" name="test_deep_merge" file="tests/test_config.py" line="4" time="0.002" /><testcase classname="tests.test_config" name="test_detect_venv" file="tests/test_config.py" line="14" time="0.001" /><testcase classname="tests.test_config" name="test_detect_venv_none" file="tests/test_config.py" line="21" time="0.001" /></testsuite></testsuites>